# Follow-up Wave 0 — Rust toolchain upgrade (task F0-b-install)
#
# Goal: pull the LATEST stable and LATEST nightly Rust toolchains via rustup,
# while preserving the project's canonical pin (nightly-2026-03-01) declared in
# /home/z/my-project/vuma/rust-toolchain.toml. The pin file was NOT edited.
#
# Host: x86_64-unknown-linux-gnu (Debian, glibc 2.41).
# rustup home: /home/z/.rustup
# rustup manager version: 1.29.0 (28d1352db 2026-03-05)
#
# All commands run with the project env shims sourced
# (`for s in vuma/scripts/env/*.sh; do . "$s"; done`) so that the Z3 5.0.0 dev
# shim (installed by sibling task F0-a-install) is on the link/runtime path.

[toolchain matrix]

Installed rustup toolchains (`rustup toolchain list`):
  - stable-x86_64-unknown-linux-gnu              (latest stable)
  - nightly-x86_64-unknown-linux-gnu             (latest nightly)
  - nightly-2026-03-01-x86_64-unknown-linux-gnu  (project pin; active, default)

[rustup update stable]
  $ rustup update stable
  -> stable-x86_64-unknown-linux-gnu unchanged - rustc 1.97.1 (8bab26f4f 2026-07-14)
  exit 0

[rustup update nightly]
  $ rustup update nightly
  -> nightly-x86_64-unknown-linux-gnu unchanged - rustc 1.99.0-nightly (1a833e165 2026-07-29)
  exit 0

[rustup toolchain install nightly-2026-03-01 (ensure pin is installed + up-to-date)]
  $ rustup toolchain install nightly-2026-03-01 \
        --profile minimal \
        --component rustfmt,clippy,rust-src \
        --target aarch64-unknown-linux-gnu \
        --target aarch64-unknown-none
  -> nightly-2026-03-01-x86_64-unknown-linux-gnu unchanged - rustc 1.96.0-nightly (38c0de8dc 2026-02-28)
  -> components clippy / rust-src / rustfmt + rust-std for the two aarch64 targets all "up to date"
  exit 0
  NOTE: the pinned toolchain retains its full `default`-profile component set
  (cargo, rustc, rust-std-x86_64, rustfmt, clippy, rust-src) PLUS the two
  aarch64 targets, matching rust-toolchain.toml's `profile = "default"`.

[version matrix]

  Channel                 | rustc                                 | cargo
  ------------------------|---------------------------------------|-------------------------------------------
  +stable (latest)        | rustc 1.97.1 (8bab26f4f 2026-07-14)   | cargo 1.97.1 (c980f4866 2026-06-30)
  +nightly (latest)       | rustc 1.99.0-nightly (1a833e165 2026-07-29) | cargo 1.99.0-nightly (3efb1f477 2026-07-17)
  +nightly-2026-03-01     | rustc 1.96.0-nightly (38c0de8dc 2026-02-28) | cargo 1.96.0-nightly (f298b8c82 2026-02-24)

  DoD check: `rustc +stable --version` prints 1.97.1 >= 1.96.0   -> PASS
  DoD check: `rustc +nightly-2026-03-01 --version` succeeds      -> PASS (pin respected)

[pinned nightly components — `rustup component list --toolchain nightly-2026-03-01 --installed`]
  cargo-x86_64-unknown-linux-gnu
  clippy-x86_64-unknown-linux-gnu
  rust-src
  rust-std-aarch64-unknown-linux-gnu
  rust-std-aarch64-unknown-none
  rust-std-x86_64-unknown-linux-gnu
  rustc-x86_64-unknown-linux-gnu
  rustfmt-x86_64-unknown-linux-gnu

[pinned nightly targets — `rustup target list --toolchain nightly-2026-03-01 --installed`]
  aarch64-unknown-linux-gnu   (Linux user-space target for cross-backend matrix)
  aarch64-unknown-none        (bare-metal target for the naked_asm / no_std crate)
  x86_64-unknown-linux-gnu    (host)

[project pin — rust-toolchain.toml (CANONICAL, NOT EDITED by this task)]
  [toolchain]
  channel = "nightly-2026-03-01"
  components = ["rustfmt", "clippy", "rust-src"]
  targets = ["aarch64-unknown-linux-gnu", "aarch64-unknown-none"]
  profile = "default"
  -> matches the installed pinned toolchain exactly; cargo auto-selects this
     toolchain for every command run inside /home/z/my-project/vuma/, so the
     latest-stable / latest-nightly installs do NOT perturb project builds.

[DoD build verification]
  $ cd /home/z/my-project/vuma && cargo +nightly-2026-03-01 build --release --workspace
  ->    Compiling vuma v0.2.0-alpha.1 (/home/z/my-project/vuma)
  ->     Finished `release` profile [optimized] target(s) in 1m 10s
  exit 0
  Linkage check: `ldd target/release/compile_dump | grep z3`
    -> libz3.so => /home/z/.local/lib/libz3.so   (Z3 5.0.0 from sibling task F0-a-install)
  Smoke check: `./target/release/compile_dump --help` -> prints usage, exit 0.

[summary]
  - Latest stable:  rustc 1.97.1   (>= 1.96.0 DoD threshold)   -> installed + up-to-date
  - Latest nightly: rustc 1.99.0-nightly (2026-07-29)          -> installed + up-to-date
  - Project pin:    nightly-2026-03-01 = rustc 1.96.0-nightly  -> installed, up-to-date, canonical
  - rust-toolchain.toml: NOT edited (constraint respected)
  - No source files under vuma/src/ or vuma/proof/ modified.
  - `cargo +nightly-2026-03-01 build --release --workspace` -> exit 0.
