   Compiling vuma-codegen v0.2.0-alpha.1 (/home/z/my-project/vuma/src/codegen)
   Compiling vuma v0.2.0-alpha.1 (/home/z/my-project/vuma)
warning: variable does not need to be mutable
    --> src/codegen/src/opt.rs:3938:5
     |
3938 |     mut func: IRFunction,
     |     ----^^^^
     |     |
     |     help: remove this `mut`
     |
     = note: `#[warn(unused_mut)]` (part of `#[warn(unused)]`) on by default

warning: unused variable: `align`
  --> src/codegen/src/runtime/arena_verified.rs:44:31
   |
44 |     alloc_id: u64, size: u64, align: u64) -> Option<(u64, u64, u64, u64)> {
   |                               ^^^^^ help: if this is intentional, prefix it with an underscore: `_align`
   |
   = note: `#[warn(unused_variables)]` (part of `#[warn(unused)]`) on by default

warning: constant `THREAD_ID_GLOBAL_IDX` is never used
    --> src/codegen/src/wasm32/mod.rs:1528:7
     |
1528 | const THREAD_ID_GLOBAL_IDX: u32 = 1;
     |       ^^^^^^^^^^^^^^^^^^^^
     |
     = note: `#[warn(dead_code)]` (part of `#[warn(unused)]`) on by default

warning: constant `WASM32_CHILD_EXIT_ADDR` is never used
    --> src/codegen/src/wasm32/mod.rs:1539:7
     |
1539 | const WASM32_CHILD_EXIT_ADDR: i64 = 4096;
     |       ^^^^^^^^^^^^^^^^^^^^^^

   Compiling vuma-ive v0.2.0-alpha.1 (/home/z/my-project/vuma/src/ive)
warning: unused variable: `capacity_vreg`
  --> src/ive/src/arena_bounds.rs:97:50
   |
97 |             NodePayload::ArenaNew(ArenaNewNode { capacity_vreg, result_vreg }) => {
   |                                                  ^^^^^^^^^^^^^ help: try ignoring the field: `capacity_vreg: _`
   |
   = note: `#[warn(unused_variables)]` (part of `#[warn(unused)]`) on by default

warning: variant `Error` is never constructed
    --> src/ive/src/verification.rs:2070:5
     |
2062 | enum Z3Result {
     |      -------- variant in this enum
...
2070 |     Error(String),
     |     ^^^^^
     |
     = note: `#[warn(dead_code)]` (part of `#[warn(unused)]`) on by default

warning: `vuma-ive` (lib) generated 2 warnings (run `cargo fix --lib -p vuma-ive` to apply 1 suggestion)
   Compiling vuma-core v0.2.0-alpha.1 (/home/z/my-project/vuma/src/vuma)
warning: unused import: `VecDeque`
  --> src/pipeline.rs:36:42
   |
36 | use std::collections::{HashMap, HashSet, VecDeque};
   |                                          ^^^^^^^^
   |
   = note: `#[warn(unused_imports)]` (part of `#[warn(unused)]`) on by default

warning: unused imports: `BinOpKind as IrBinOpKind`, `CastKind as CodegenCastKind`, `ConstantTimeStatement`, and `ForeignConsumeStmt`
  --> src/pipeline.rs:69:10
   |
69 |     ir::{BinOpKind as IrBinOpKind, IRFunction, IRProgram},
   |          ^^^^^^^^^^^^^^^^^^^^^^^^
...
74 |         ConstantTimeStatement, ControlNode, EnumAccessNode, ForeignConsumeStmt, GetAddressNode,
   |         ^^^^^^^^^^^^^^^^^^^^^                               ^^^^^^^^^^^^^^^^^^
...
78 |     CastKind as CodegenCastKind, CodegenError, DataSectionKind,
   |     ^^^^^^^^^^^^^^^^^^^^^^^^^^^

warning: unused imports: `AccessMode`, `ComputationKind`, `ControlKind`, `NodeData`, and `NodeType`
   --> src/pipeline.rs:106:5
    |
106 |     AccessMode, CommonSubexpressionElimination, ComputationKind, ConstantFolding, ControlKind,
    |     ^^^^^^^^^^                                  ^^^^^^^^^^^^^^^                   ^^^^^^^^^^^
107 |     DeadCodeElimination, DeadRegionElimination, EdgeData, EdgeKind, InliningPass,
108 |     LoopInvariantCodeMotion, NodeData, NodeId, NodePayload, NodeType, PassManager,
    |                              ^^^^^^^^                       ^^^^^^^^

warning: struct `EdgeIndex` is never constructed
   --> src/pipeline.rs:823:8
    |
823 | struct EdgeIndex {
    |        ^^^^^^^^^
    |
    = note: `#[warn(dead_code)]` (part of `#[warn(unused)]`) on by default

warning: associated items `build`, `outgoing_cf`, `incoming_df`, and `outgoing_df` are never used
   --> src/pipeline.rs:832:8
    |
830 | impl EdgeIndex {
    | -------------- associated items in this implementation
831 |     /// Build the edge index from all edges in the SCG.
832 |     fn build(scg: &SCG) -> Self {
    |        ^^^^^
...
843 |     fn outgoing_cf(&self, id: NodeId) -> Vec<&EdgeData> {
    |        ^^^^^^^^^^^
...
856 |     fn incoming_df(&self, id: NodeId) -> Vec<&EdgeData> {
    |        ^^^^^^^^^^^
...
869 |     fn outgoing_df(&self, id: NodeId) -> Vec<&EdgeData> {
    |        ^^^^^^^^^^^

warning: function `access_size_to_ir_type` is never used
   --> src/pipeline.rs:907:4
    |
907 | fn access_size_to_ir_type(size: u64) -> Option<vuma_codegen::ir::IRType> {
    |    ^^^^^^^^^^^^^^^^^^^^^^

warning: `vuma` (lib) generated 6 warnings (run `cargo fix --lib -p vuma` to apply 3 suggestions)
   Compiling vuma-tests v0.2.0-alpha.1 (/home/z/my-project/vuma/src/tests)
warning: `vuma-codegen` (lib) generated 4 warnings (run `cargo fix --lib -p vuma-codegen` to apply 2 suggestions)
    Finished `release` profile [optimized] target(s) in 3m 47s
BUILD_EXIT_CODE=0
